
Memory Configuration

Name             Origin             Length             Attributes
*default*        0x00000000         0xffffffff

Linker script and memory map


.vects          0x00000000        0x4
 *(.vects)
 .vects         0x00000000        0x4 C:\WorkSpace\Hoang_A19B0054P\Hoang_A19B0054P\Debug\section_intvect.o

.text           0x00000400       0xb6
 *(.text)
 .text          0x00000400        0x0 C:\WorkSpace\Hoang_A19B0054P\Hoang_A19B0054P\Debug\section_intvect.o
 .text          0x00000400       0xb6 C:\WorkSpace\Hoang_A19B0054P\Hoang_A19B0054P\Debug\main.o
                0x0000045a                start
 *(.text.*)
                0x000004b6                etext = .

.init
 *(.init)

.fini
 *(.fini)

.got
 *(.got)
 *(.got.plt)

.rodata         0x000004b6        0x0
 *(.rodata)
 *(.rodata.*)
                0x000004b6                _erodata = .

.eh_frame_hdr
 *(.eh_frame_hdr)

.eh_frame
 *(.eh_frame)

.jcr
 *(.jcr)

.tors           0x000004b6        0x0
                0x000004b6                __CTOR_LIST__ = .
                0x000004b6                ___ctors = .
 *(.ctors)
                0x000004b6                ___ctors_end = .
                0x000004b6                __CTOR_END__ = .
                0x000004b6                __DTOR_LIST__ = .
                0x000004b6                ___dtors = .
 *(.dtors)
                0x000004b6                ___dtors_end = .
                0x000004b6                __DTOR_END__ = .
                0x000004b6                _mdata = .

.data           0x00ff4000       0xcc
                0x00ff4000                _data = .
 *(.data)
 .data          0x00ff4000        0x0 C:\WorkSpace\Hoang_A19B0054P\Hoang_A19B0054P\Debug\section_intvect.o
 .data          0x00ff4000       0xcc C:\WorkSpace\Hoang_A19B0054P\Hoang_A19B0054P\Debug\main.o
 *(.data.*)
                0x00ff40cc                _edata = .

.gcc_exc
 *(.gcc_exc)

.bss            0x00ff40cc        0x0
                0x00ff40cc                _bss = .
 *(.bss)
 .bss           0x00ff40cc        0x0 C:\WorkSpace\Hoang_A19B0054P\Hoang_A19B0054P\Debug\section_intvect.o
 .bss           0x00ff40cc        0x0 C:\WorkSpace\Hoang_A19B0054P\Hoang_A19B0054P\Debug\main.o
 *(.bss.*)
 *(COMMON)
                0x00ff40cc                _ebss = .
                0x00ff40cc                _end = .

.stack          0x00ffc000        0x0
                0x00ffc000                _stack = .
LOAD C:\WorkSpace\Hoang_A19B0054P\Hoang_A19B0054P\Debug\section_intvect.o
LOAD C:\WorkSpace\Hoang_A19B0054P\Hoang_A19B0054P\Debug\main.o
START GROUP
LOAD c:\users\long1\renesas\hew\tools\kpit cummins\gnuh8-elf\v11.02\h8300-elf\lib\gcc\h8300-elf\4.5-GNUH8_v11.02\h8300s\libgcc.a
LOAD c:\users\long1\renesas\hew\tools\kpit cummins\gnuh8-elf\v11.02\h8300-elf\h8300-elf\lib\h8300s\liboptc.a
LOAD c:\users\long1\renesas\hew\tools\kpit cummins\gnuh8-elf\v11.02\h8300-elf\h8300-elf\lib\h8300s\liboptm.a
END GROUP
OUTPUT(C:\WorkSpace\Hoang_A19B0054P\Hoang_A19B0054P\Debug\Hoang_A19B0054P.x elf32-h8300)

.debug_line     0x00000000       0x97
 .debug_line    0x00000000       0x97 C:\WorkSpace\Hoang_A19B0054P\Hoang_A19B0054P\Debug\main.o

.debug_info     0x00000000       0x9a
 .debug_info    0x00000000       0x9a C:\WorkSpace\Hoang_A19B0054P\Hoang_A19B0054P\Debug\main.o

.debug_abbrev   0x00000000       0x14
 .debug_abbrev  0x00000000       0x14 C:\WorkSpace\Hoang_A19B0054P\Hoang_A19B0054P\Debug\main.o

.debug_aranges  0x00000000       0x20
 .debug_aranges
                0x00000000       0x20 C:\WorkSpace\Hoang_A19B0054P\Hoang_A19B0054P\Debug\main.o


==============================================================

Listfile generated by KPIT GNUH8 [ELF]-v11.02 on Monday, September 14, 2020, 13:29:47

Build options:

-T "C:\WorkSpace\Hoang_A19B0054P\Hoang_A19B0054P\Debug\Hoang_A19B0054P_Debug_auto.gsi"
-T "C:\WorkSpace\Hoang_A19B0054P\Hoang_A19B0054P\Debug\Hoang_A19B0054P_input.tmp" 
-L "c:\users\long1\renesas\hew\tools\kpit cummins\gnuh8-elf\v11.02\h8300-elf\lib\gcc\h8300-elf\4.5-GNUH8_v11.02\h8300s"
-L "c:\users\long1\renesas\hew\tools\kpit cummins\gnuh8-elf\v11.02\h8300-elf\h8300-elf\lib\h8300s"
-Map "C:\WorkSpace\Hoang_A19B0054P\Hoang_A19B0054P\Debug\Hoang_A19B0054P.map"
-( -l "gcc" -l "optc" -l "optm" -)
-o "C:\WorkSpace\Hoang_A19B0054P\Hoang_A19B0054P\Debug\Hoang_A19B0054P.x"
-e _start
INPUT("C:\WorkSpace\Hoang_A19B0054P\Hoang_A19B0054P\Debug\section_intvect.o")
INPUT("C:\WorkSpace\Hoang_A19B0054P\Hoang_A19B0054P\Debug\main.o")
